---
created: "2019-05-12T23:50:24.516500Z"
creator: insta@0.8.1
source: src/generation/nn_data_generator.rs
expression: normal_data
---
[
    [
        DataOp {
            fm: 1.0,
            fa: 0.0,
            pm: 1.0,
            pa: -0.5,
            g: 1.0,
            l: 1.0
        },
        DataOp {
            fm: 2.0,
            fa: 0.0,
            pm: 1.0,
            pa: 0.0,
            g: 1.0,
            l: 1.0
        },
        DataOp {
            fm: 1.0,
            fa: 0.0,
            pm: 1.0,
            pa: 0.0,
            g: 0.5,
            l: 1.0
        },
        DataOp {
            fm: 1.0,
            fa: 0.0,
            pm: 1.0,
            pa: 0.0,
            g: 1.0,
            l: 2.0
        }
    ],
    [
        DataOp {
            fm: 1.0,
            fa: 0.0,
            pm: 1.0,
            pa: 0.0,
            g: 1.0,
            l: 5.0
        }
    ]
]
