---
created: "2019-05-13T22:07:28.891270Z"
creator: insta@0.8.1
source: src/generation/nn_data_generator.rs
expression: min
---
CSVOp {
    fm: 0.0,
    fa: 0.0,
    pm: 0.0,
    pa: -0.5,
    g: 0.0,
    l: 0.0,
    v: 0
}
