---
created: "2019-05-13T22:07:28.849265Z"
creator: insta@0.8.1
source: src/generation/nn_data_generator.rs
expression: max
---
CSVOp {
    fm: 2.0,
    fa: 0.0,
    pm: 1.0,
    pa: 0.0,
    g: 1.0,
    l: 5.0,
    v: 1
}
