---
created: "2019-05-13T00:44:29.105745Z"
creator: insta@0.8.1
source: src/generation/nn_data_generator.rs
expression: max
---
CSVOp {
    fm: 59.0625,
    fa: 13.0,
    pm: 1.0,
    pa: 1.380952380952381,
    g: 1.0,
    t: 147.5
}
